<testsuite name="Mocha Tests" tests="89" failures="0" errors="0" skipped="0" timestamp="Mon, 20 Apr 2020 06:11:18 GMT" time="0.213">
<testcase classname="Given the createMachine factory when passing invalid configuration" name="should throw errors if state or transitions are missing" time="0.002"/>
<testcase classname="Given the createMachine factory when we create a machine without a name" name="it should automatically generate a name and allow the creation" time="0.001"/>
<testcase classname="Given the createMachine factory when we create a machine without a state" name="it should throw an error" time="0"/>
<testcase classname="Given the createMachine factory when we create a machine using the shorter syntax" name="it should create a working machine" time="0"/>
<testcase classname="Given the createMachine factory when we dispatch an action" name="it should handle the action" time="0.001"/>
<testcase classname="Given the createMachine factory when we dispatch an action" name="it should handle the action implemented as arrow function" time="0"/>
<testcase classname="Given the Stent library when creating a new machine" name="should have the machine with its name set up" time="0"/>
<testcase classname="Given the Stent library when creating a new machine and we have a middleware attached" name="should trigger the middleware hook" time="0.001"/>
<testcase classname="Given the Stent library when creating a new machine and we have a middleware attached" name="should call the onMiddlewareRegister hook if available" time="0.001"/>
<testcase classname="Given the Stent library when `getting a machine" name="should return the machine if it exists" time="0"/>
<testcase classname="Given the Stent library when `getting a machine" name="should throw an error if the machine does not exist" time="0"/>
<testcase classname="Given the Stent library when creating a machine without a name" name="should be possible to fetch it by using the machine itself or the its generated name" time="0"/>
<testcase classname="Given the Stent library when we fire two actions one after each other and we use the .latest version of the action" name="should cancel the first action and only work with the second one" time="0.024"/>
<testcase classname="Given the Stent library when using the `destroy` method" name="should delete the machine" time="0"/>
<testcase classname="Given the Stent library when using the `destroy` method and the machine does not exist" name="should throw an error" time="0"/>
<testcase classname="Given the call helper when calling it with a non-function argument" name="should catch the error and transition to Failure state with a meaningful error message" time="0.001"/>
<testcase classname="Given the connect helper when using connect" name="should allow mapping to machines" time="0"/>
<testcase classname="Given the connect helper when using connect" name="should add only one middleware" time="0.001"/>
<testcase classname="Given the connect helper when using connect and when we update the state of the mapped machine/s" name="should fire the mapping function" time="0.001"/>
<testcase classname="Given the connect helper when using connect and we use `mapOnce`" name="should fire the mapping only once" time="0"/>
<testcase classname="Given the connect helper when using connect and we use `mapSilent`" name="should fire the mapping only when the machine changes its state" time="0"/>
<testcase classname="Given the connect helper when using connect and we pass no mapping function" name="should still do the connecting" time="0"/>
<testcase classname="Given the connect helper when using connect and we have two mappers" name="should call them only if the machine that they are connected transitions" time="0.001"/>
<testcase classname="Given the connect helper when using connect and we have a middleware attached" name="should call the proper middleware hook" time="0.001"/>
<testcase classname="Given the connect helper when using connect and we destroy a machine" name="should remove the machine from any mapping" time="0.001"/>
<testcase classname="Given the connect helper when we use the `disconnect` function" name="should detach the mapping" time="0.001"/>
<testcase classname="Given the connect helper when we use the `disconnect` function and we have a middleware attached" name="should call the proper middleware hook" time="0.001"/>
<testcase classname="Given the handleAction function when we add a handler which is not expected" name="should throw an error" time="0.001"/>
<testcase classname="Given the handleAction function when dispatching an action which is missing in the current state" name="should silently do nothing and NOT throw an error (handleAction returns false)" time="0"/>
<testcase classname="Given the handleAction function when there is nothing for the current state" name="should return false" time="0"/>
<testcase classname="Given the handleAction function when we transition to a state which has no actions or it is undefined" name="should throw an error if there is no such a state defined" time="0"/>
<testcase classname="Given the handleAction function when we transition to a state which has no actions or it is undefined" name="should throw an error if there the state has no actions inside" time="0"/>
<testcase classname="Given the handleAction function when the handler is a string" name="should change the state of the machine to that string" time="0.001"/>
<testcase classname="Given the handleAction function when the handler is an object" name="should change the state of the machine to that object" time="0"/>
<testcase classname="Given the handleAction function when the handler is a function" name="should call the handler with the machine and the given payload" time="0"/>
<testcase classname="Given the handleAction function when the handler is a function" name="should update the state" time="0"/>
<testcase classname="Given the handleAction function when the handler is a function" name="should update the state even if a string is returned" time="0"/>
<testcase classname="Given the handleAction function when the handler is a generator" name="should change the state if we return a string" time="0.001"/>
<testcase classname="Given the handleAction function when the handler is a generator" name="should change the state if we yield a primitive" time="0"/>
<testcase classname="Given the handleAction function when the handler is a generator" name="should change the state if we yield an object" time="0.001"/>
<testcase classname="Given the handleAction function when the handler is a generator and we use the call helper" name="should execute the function" time="0"/>
<testcase classname="Given the handleAction function when the handler is a generator and we use the call helper" name="should execute the function and return the result if any" time="0.001"/>
<testcase classname="Given the handleAction function when the handler is a generator and we use the call helper" name="should execute the function with proper parameters" time="0"/>
<testcase classname="Given the handleAction function when the handler is a generator and we use the call helper and when the function returns a promise" name="should return the value of the resolved promise" time="0"/>
<testcase classname="Given the handleAction function when the handler is a generator and we use the call helper and when the function returns a promise" name="should throw an error if the promise is rejected" time="0.001"/>
<testcase classname="Given the handleAction function when the handler is a generator and we use the call helper when the function returns another generator" name="should iterate through that inner generator" time="0"/>
<testcase classname="Given the handleAction function when the handler is a generator and we use the call helper when the function returns another generator" name="should handle errors properly through the generator chain" time="0.001"/>
<testcase classname="Given the handleAction function when we have middlewares registered" name="should fire the middleware/s if an action is dispatched and after that" time="0.001"/>
<testcase classname="Given the handleAction function when we have middlewares registered" name="should pass the machine as context" time="0"/>
<testcase classname="Given the handleAction function when we have middlewares registered" name="should skip to the next middleware if there is no appropriate hook defined" time="0.001"/>
<testcase classname="Given the handleAction function when we have middlewares registered" name="should fire the middleware/s when the state is changed" time="0"/>
<testcase classname="Given the handleActionLatest helper and we fire same action twice within the same state" name="should kill the first generator and its processes leaving only the new one working" time="0.032"/>
<testcase classname="Given the handleGenerator helper when we run the same generator again and we want to cancel the first one" name="should cancel the second generator" time="0.034"/>
<testcase classname="Given the registerMethods helper when registering methods" name="should create methods dynamically (based on states and actions)" time="0"/>
<testcase classname="Given the registerMethods helper when registering methods" name="should dispatch an action with the given payload" time="0"/>
<testcase classname="Given the registerMethods helper when registering methods" name="should check if the machine is in a particular state" time="0"/>
<testcase classname="Given the registerMethods helper when registering methods" name="should check if particular transition is allowed" time="0"/>
<testcase classname="Given the registerMethods helper when registering methods when some of the transitions match the word `name`, `transition` or `state`" name="should throw an error if name is used" time="0"/>
<testcase classname="Given the registerMethods helper when registering methods when some of the transitions match the word `name`, `transition` or `state`" name="should throw an error if transitions is used" time="0"/>
<testcase classname="Given the registerMethods helper when registering methods when some of the transitions match the word `name`, `transition` or `state`" name="should throw an error if state is used" time="0"/>
<testcase classname="Given the registerMethods helper when registering methods when some of the transitions match the word `name`, `transition` or `state`" name="should throw an error if destroy is used" time="0.001"/>
<testcase classname="Given the toCamelCase helper when using toCamelCase" name="should transform &quot;run&quot; to &quot;run&quot;" time="0"/>
<testcase classname="Given the toCamelCase helper when using toCamelCase" name="should transform &quot;a b&quot; to &quot;aB&quot;" time="0"/>
<testcase classname="Given the toCamelCase helper when using toCamelCase" name="should transform &quot;a b c&quot; to &quot;aBC&quot;" time="0"/>
<testcase classname="Given the toCamelCase helper when using toCamelCase" name="should transform &quot;the answer is 42&quot; to &quot;theAnswerIs42&quot;" time="0"/>
<testcase classname="Given the toCamelCase helper when using toCamelCase" name="should transform &quot;Hello World&quot; to &quot;helloWorld&quot;" time="0"/>
<testcase classname="Given the toCamelCase helper when using toCamelCase" name="should transform &quot;get-data-from-there&quot; to &quot;getDataFromThere&quot;" time="0.001"/>
<testcase classname="Given the toCamelCase helper when using toCamelCase" name="should transform &quot;another_mixed example-of^% a method&quot; to &quot;anotherMixedExampleOfAMethod&quot;" time="0"/>
<testcase classname="Given the toCamelCase helper when using toCamelCase" name="should transform &quot;startProcess&quot; to &quot;startProcess&quot;" time="0"/>
<testcase classname="Given the toCamelCase helper when using toCamelCase" name="should transform &quot;start Pro ceSs&quot; to &quot;startProCeSs&quot;" time="0"/>
<testcase classname="Given the toCamelCase helper when using toCamelCase" name="should transform &quot;/initializing&quot; to &quot;initializing&quot;" time="0"/>
<testcase classname="Given the toCamelCase helper when using toCamelCase" name="should transform &quot;/initializing/&quot; to &quot;initializing&quot;" time="0"/>
<testcase classname="Given the toCamelCase helper when using toCamelCase" name="should transform &quot;/initializing/stage-one&quot; to &quot;initializingStageOne&quot;" time="0"/>
<testcase classname="Given the toCamelCase helper when using toCamelCase" name="should transform &quot;/initializing/stage_one&quot; to &quot;initializingStageOne&quot;" time="0"/>
<testcase classname="Given the validateConfig helper function when validating config" name="should throw errors if state or transitions are missing" time="0.001"/>
<testcase classname="Given the validateState helper when using validateState" name="throw an error if the state has no &quot;name&quot; property inside" time="0.001"/>
<testcase classname="Given the Logger middleware when using Logger with function and string as a handler" name="should log to the console" time="0.001"/>
<testcase classname="Given the Logger middleware when using the Logger with a generator function" name="should log every step of the generator" time="0.001"/>
<testcase classname="Given the connect React helper when connecting a component" name="should call our mapping function" time="0.028"/>
<testcase classname="Given the connect React helper when connecting a component" name="should map machines state and actions properly" time="0.004"/>
<testcase classname="Given the connect React helper when connecting a component" name="should get re-rendered if a machine's state is changed" time="0.007"/>
<testcase classname="Given the connect React helper when connecting a component" name="should NOT get re-rendered if mapped with `mapOnce`" time="0.003"/>
<testcase classname="Given the connect React helper when connecting a component when we update the state of the machine many times in a single frame" name="should trigger the mapping function many times" time="0.003"/>
<testcase classname="Given the connect React helper when unmounting the component" name="should detach from the machines" time="0.004"/>
<testcase classname="Given the connect React helper when we connect without mapping" name="should render correctly" time="0.002"/>
<testcase classname="Given the connect React helper when we use mapSilent" name="should only call the mapping function when the machine changes its state" time="0.003"/>
<testcase classname="Given the connect React helper and we have a middleware attached" name="should call the proper hooks" time="0.001"/>
<testcase classname="Given the connect React helper and we have a middleware attached and we destroy a machine" name="should call the proper hooks" time="0.001"/>
<testcase classname="Given the connect React helper and the problem described in issue #13" name="should map the transition handler properly" time="0"/>
</testsuite>
